PASS at_least_one_seed_record
PASS record_hist_second_temple_destruction_ad70_has_full_contract
PASS record_hist_second_temple_destruction_ad70_valid_trust_tier
PASS record_hist_second_temple_destruction_ad70_valid_approval_status
PASS record_hist_second_temple_destruction_ad70_label_is_supplemental
PASS record_hist_second_temple_destruction_ad70_no_third_party_text_reproduced
PASS record_hist_sabbath_synagogue_practice_2nd_temple_has_full_contract
PASS record_hist_sabbath_synagogue_practice_2nd_temple_valid_trust_tier
PASS record_hist_sabbath_synagogue_practice_2nd_temple_valid_approval_status
PASS record_hist_sabbath_synagogue_practice_2nd_temple_label_is_supplemental
PASS record_hist_sabbath_synagogue_practice_2nd_temple_no_third_party_text_reproduced
PASS record_hist_passover_pilgrimage_jerusalem_has_full_contract
PASS record_hist_passover_pilgrimage_jerusalem_valid_trust_tier
PASS record_hist_passover_pilgrimage_jerusalem_valid_approval_status
PASS record_hist_passover_pilgrimage_jerusalem_label_is_supplemental
PASS record_hist_passover_pilgrimage_jerusalem_no_third_party_text_reproduced
PASS record_hist_pentecost_jerusalem_pilgrim_festival_has_full_contract
PASS record_hist_pentecost_jerusalem_pilgrim_festival_valid_trust_tier
PASS record_hist_pentecost_jerusalem_pilgrim_festival_valid_approval_status
PASS record_hist_pentecost_jerusalem_pilgrim_festival_label_is_supplemental
PASS record_hist_pentecost_jerusalem_pilgrim_festival_no_third_party_text_reproduced
PASS record_hist_jewish_dietary_practice_2nd_temple_has_full_contract
PASS record_hist_jewish_dietary_practice_2nd_temple_valid_trust_tier
PASS record_hist_jewish_dietary_practice_2nd_temple_valid_approval_status
PASS record_hist_jewish_dietary_practice_2nd_temple_label_is_supplemental
PASS record_hist_jewish_dietary_practice_2nd_temple_no_third_party_text_reproduced
PASS record_hist_sheol_hades_greek_translation_note_has_full_contract
PASS record_hist_sheol_hades_greek_translation_note_valid_trust_tier
PASS record_hist_sheol_hades_greek_translation_note_valid_approval_status
PASS record_hist_sheol_hades_greek_translation_note_label_is_supplemental
PASS record_hist_sheol_hades_greek_translation_note_no_third_party_text_reproduced
PASS record_hist_qumran_dead_sea_scrolls_discovery_has_full_contract
PASS record_hist_qumran_dead_sea_scrolls_discovery_valid_trust_tier
PASS record_hist_qumran_dead_sea_scrolls_discovery_valid_approval_status
PASS record_hist_qumran_dead_sea_scrolls_discovery_label_is_supplemental
PASS record_hist_qumran_dead_sea_scrolls_discovery_no_third_party_text_reproduced
PASS record_hist_herod_temple_construction_timeline_has_full_contract
PASS record_hist_herod_temple_construction_timeline_valid_trust_tier
PASS record_hist_herod_temple_construction_timeline_valid_approval_status
PASS record_hist_herod_temple_construction_timeline_label_is_supplemental
PASS record_hist_herod_temple_construction_timeline_no_third_party_text_reproduced
PASS record_hist_antiochus_epiphanes_temple_desecration_has_full_contract
PASS record_hist_antiochus_epiphanes_temple_desecration_valid_trust_tier
PASS record_hist_antiochus_epiphanes_temple_desecration_valid_approval_status
PASS record_hist_antiochus_epiphanes_temple_desecration_label_is_supplemental
PASS record_hist_antiochus_epiphanes_temple_desecration_no_third_party_text_reproduced
PASS record_hist_tel_dan_stele_house_of_david_has_full_contract
PASS record_hist_tel_dan_stele_house_of_david_valid_trust_tier
PASS record_hist_tel_dan_stele_house_of_david_valid_approval_status
PASS record_hist_tel_dan_stele_house_of_david_label_is_supplemental
PASS record_hist_tel_dan_stele_house_of_david_no_third_party_text_reproduced
PASS record_hist_ane_covenant_treaty_form_sinai_has_full_contract
PASS record_hist_ane_covenant_treaty_form_sinai_valid_trust_tier
PASS record_hist_ane_covenant_treaty_form_sinai_valid_approval_status
PASS record_hist_ane_covenant_treaty_form_sinai_label_is_supplemental
PASS record_hist_ane_covenant_treaty_form_sinai_no_third_party_text_reproduced
PASS record_hist_pharisee_sadducee_resurrection_dispute_has_full_contract
PASS record_hist_pharisee_sadducee_resurrection_dispute_valid_trust_tier
PASS record_hist_pharisee_sadducee_resurrection_dispute_valid_approval_status
PASS record_hist_pharisee_sadducee_resurrection_dispute_label_is_supplemental
PASS record_hist_pharisee_sadducee_resurrection_dispute_no_third_party_text_reproduced
PASS record_hist_second_temple_multiple_heavens_cosmology_has_full_contract
PASS record_hist_second_temple_multiple_heavens_cosmology_valid_trust_tier
PASS record_hist_second_temple_multiple_heavens_cosmology_valid_approval_status
PASS record_hist_second_temple_multiple_heavens_cosmology_label_is_supplemental
PASS record_hist_second_temple_multiple_heavens_cosmology_no_third_party_text_reproduced
PASS production_only_excludes_non_approved
PASS tier4_never_auto_approved
PASS doctrinal_language_never_auto_approved
PASS tier3_ministry_research_always_needs_review
PASS retrieval_by_reference_finds_temple_destruction
PASS retrieval_by_topic_finds_sabbath_context
PASS honest_empty_result_for_unmatched_reference
PASS formatter_uses_historical_context_prefix
PASS formatter_never_says_the_bible_says
PASS formatter_labels_supplemental_not_scripture
PASS formatter_returns_null_for_non_eligible_record

ALL PASS
